2025-04-30 18:39:58.059 +04:00 [INF] Host configured. Starting application run...
2025-04-30 18:39:58.125 +04:00 [INF] Resolved product catalog path to: C:\Pizzreia_Order_Processor\PizzeriaOrderProcessor\bin\Debug\net9.0\products.json
2025-04-30 18:39:58.137 +04:00 [INF] Loading Product Catalog...
2025-04-30 18:39:58.232 +04:00 [INF] Successfully deserialized 5 products from C:\Pizzreia_Order_Processor\PizzeriaOrderProcessor\bin\Debug\net9.0\products.json
2025-04-30 18:39:58.250 +04:00 [INF] Product catalog loaded and frozen successfully from C:\Pizzreia_Order_Processor\PizzeriaOrderProcessor\bin\Debug\net9.0\products.json. Contains 5 unique products.
2025-04-30 18:39:58.255 +04:00 [INF] Product Catalog loaded successfully.
2025-04-30 18:39:58.262 +04:00 [INF] Resolved ingredient mappings path to: C:\Pizzreia_Order_Processor\PizzeriaOrderProcessor\bin\Debug\net9.0\ingredients.json
2025-04-30 18:39:58.262 +04:00 [INF] Loading Ingredient Mappings...
2025-04-30 18:39:58.271 +04:00 [INF] Successfully deserialized 5 ingredient mappings from C:\Pizzreia_Order_Processor\PizzeriaOrderProcessor\bin\Debug\net9.0\ingredients.json
2025-04-30 18:39:58.279 +04:00 [INF] Ingredient mappings loaded and frozen successfully from C:\Pizzreia_Order_Processor\PizzeriaOrderProcessor\bin\Debug\net9.0\ingredients.json. Contains mappings for 5 unique products.
2025-04-30 18:39:58.279 +04:00 [INF] Ingredient Mappings loaded successfully.
2025-04-30 18:39:58.280 +04:00 [INF] Found 22 order JSON files to process in directory: C:\Pizzreia_Order_Processor\PizzeriaOrderProcessor\bin\Debug\net9.0\
2025-04-30 18:39:58.394 +04:00 [INF] MockQueue initialized with 20 % failure probability.
2025-04-30 18:39:58.431 +04:00 [INF] BatchQueuePusher initialized with push batch size 50.
2025-04-30 18:39:58.436 +04:00 [INF] OrderProcessingOrchestrator initialized.
2025-04-30 18:39:58.440 +04:00 [INF] Starting order batch processing for 22 file(s)...
2025-04-30 18:39:58.442 +04:00 [INF] 1. Buffering order files... 0%
2025-04-30 18:39:58.444 +04:00 [INF] Starting order file buffering process for 22 file(s).
2025-04-30 18:39:58.446 +04:00 [INF] Processing file: C:\Pizzreia_Order_Processor\PizzeriaOrderProcessor\bin\Debug\net9.0\order01_oldOrder.json
2025-04-30 18:39:58.497 +04:00 [INF] Finished processing file: C:\Pizzreia_Order_Processor\PizzeriaOrderProcessor\bin\Debug\net9.0\order01_oldOrder.json. Skipped items in this file: 0. Fatal JSON error: false
2025-04-30 18:39:58.503 +04:00 [INF] Processing file: C:\Pizzreia_Order_Processor\PizzeriaOrderProcessor\bin\Debug\net9.0\order02_invalid_address.json
2025-04-30 18:39:58.626 +04:00 [INF] Finished processing file: C:\Pizzreia_Order_Processor\PizzeriaOrderProcessor\bin\Debug\net9.0\order02_invalid_address.json. Skipped items in this file: 0. Fatal JSON error: false
2025-04-30 18:39:58.626 +04:00 [INF] Processing file: C:\Pizzreia_Order_Processor\PizzeriaOrderProcessor\bin\Debug\net9.0\order03_inconsistent.json
2025-04-30 18:39:58.626 +04:00 [INF] Finished processing file: C:\Pizzreia_Order_Processor\PizzeriaOrderProcessor\bin\Debug\net9.0\order03_inconsistent.json. Skipped items in this file: 0. Fatal JSON error: false
2025-04-30 18:39:58.627 +04:00 [INF] Processing file: C:\Pizzreia_Order_Processor\PizzeriaOrderProcessor\bin\Debug\net9.0\order04_invalid_quantity.json
2025-04-30 18:39:58.627 +04:00 [INF] Finished processing file: C:\Pizzreia_Order_Processor\PizzeriaOrderProcessor\bin\Debug\net9.0\order04_invalid_quantity.json. Skipped items in this file: 0. Fatal JSON error: false
2025-04-30 18:39:58.627 +04:00 [INF] Processing file: C:\Pizzreia_Order_Processor\PizzeriaOrderProcessor\bin\Debug\net9.0\order05_invalid_date.json
2025-04-30 18:39:58.627 +04:00 [INF] Finished processing file: C:\Pizzreia_Order_Processor\PizzeriaOrderProcessor\bin\Debug\net9.0\order05_invalid_date.json. Skipped items in this file: 0. Fatal JSON error: false
2025-04-30 18:39:58.627 +04:00 [INF] Processing file: C:\Pizzreia_Order_Processor\PizzeriaOrderProcessor\bin\Debug\net9.0\order06_product_not_found.json
2025-04-30 18:39:58.628 +04:00 [INF] Finished processing file: C:\Pizzreia_Order_Processor\PizzeriaOrderProcessor\bin\Debug\net9.0\order06_product_not_found.json. Skipped items in this file: 0. Fatal JSON error: false
2025-04-30 18:39:58.628 +04:00 [INF] Processing file: C:\Pizzreia_Order_Processor\PizzeriaOrderProcessor\bin\Debug\net9.0\order07_malformed_item.json
2025-04-30 18:39:58.646 +04:00 [ERR] Malformed JSON in C:\Pizzreia_Order_Processor\PizzeriaOrderProcessor\bin\Debug\net9.0\order07_malformed_item.json – skipping file.
System.Text.Json.JsonException: The JSON value could not be converted to System.Int32. Path: $[1].Quantity | LineNumber: 12 | BytePositionInLine: 21.
 ---> System.InvalidOperationException: Cannot get the value of a token type 'String' as a number.
   at System.Text.Json.ThrowHelper.ThrowInvalidOperationException_ExpectedNumber(JsonTokenType tokenType)
   at System.Text.Json.Utf8JsonReader.TryGetInt32(Int32& value)
   at System.Text.Json.Serialization.Metadata.JsonPropertyInfo`1.ReadJsonAndSetMember(Object obj, ReadStack& state, Utf8JsonReader& reader)
   at System.Text.Json.Serialization.Converters.ObjectDefaultConverter`1.OnTryRead(Utf8JsonReader& reader, Type typeToConvert, JsonSerializerOptions options, ReadStack& state, T& value)
   at System.Text.Json.Serialization.JsonConverter`1.TryRead(Utf8JsonReader& reader, Type typeToConvert, JsonSerializerOptions options, ReadStack& state, T& value, Boolean& isPopulatedValue)
   at System.Text.Json.Serialization.JsonCollectionConverter`2.OnTryRead(Utf8JsonReader& reader, Type typeToConvert, JsonSerializerOptions options, ReadStack& state, TCollection& value)
   at System.Text.Json.Serialization.JsonConverter`1.TryRead(Utf8JsonReader& reader, Type typeToConvert, JsonSerializerOptions options, ReadStack& state, T& value, Boolean& isPopulatedValue)
   at System.Text.Json.Serialization.JsonConverter`1.ReadCore(Utf8JsonReader& reader, T& value, JsonSerializerOptions options, ReadStack& state)
   --- End of inner exception stack trace ---
   at System.Text.Json.ThrowHelper.ReThrowWithPath(ReadStack& state, Utf8JsonReader& reader, Exception ex)
   at System.Text.Json.Serialization.JsonConverter`1.ReadCore(Utf8JsonReader& reader, T& value, JsonSerializerOptions options, ReadStack& state)
   at System.Text.Json.Serialization.Metadata.JsonTypeInfo`1.ContinueDeserialize(ReadBufferState& bufferState, JsonReaderState& jsonReaderState, ReadStack& readStack, T& value)
   at System.Text.Json.JsonSerializer.<DeserializeAsyncEnumerableCore>g__CreateAsyncEnumerableFromArray|92_0[T](Stream utf8Json, JsonTypeInfo`1 listTypeInfo, JsonReaderOptions readerOptions, CancellationToken cancellationToken)+MoveNext()
   at PizzeriaOrderProcessor.Services.OrderBatchProcessor.ProcessSingleFileAsync(String filePath, Dictionary`2 orderLineBuffer, CancellationToken cancellationToken) in C:\Pizzreia_Order_Processor\PizzeriaOrderProcessor\Services\OrderBatchProcessor.cs:line 66
   at PizzeriaOrderProcessor.Services.OrderBatchProcessor.ProcessSingleFileAsync(String filePath, Dictionary`2 orderLineBuffer, CancellationToken cancellationToken) in C:\Pizzreia_Order_Processor\PizzeriaOrderProcessor\Services\OrderBatchProcessor.cs:line 66
   at PizzeriaOrderProcessor.Services.OrderBatchProcessor.ProcessSingleFileAsync(String filePath, Dictionary`2 orderLineBuffer, CancellationToken cancellationToken) in C:\Pizzreia_Order_Processor\PizzeriaOrderProcessor\Services\OrderBatchProcessor.cs:line 66
2025-04-30 18:39:58.667 +04:00 [INF] Finished processing file: C:\Pizzreia_Order_Processor\PizzeriaOrderProcessor\bin\Debug\net9.0\order07_malformed_item.json. Skipped items in this file: 1. Fatal JSON error: false
2025-04-30 18:39:58.667 +04:00 [INF] Processing file: C:\Pizzreia_Order_Processor\PizzeriaOrderProcessor\bin\Debug\net9.0\order08_empty_item.json
2025-04-30 18:39:58.758 +04:00 [WRN] Skipping order line item with missing or invalid format OrderId ('') in file: C:\Pizzreia_Order_Processor\PizzeriaOrderProcessor\bin\Debug\net9.0\order08_empty_item.json. Data: {"OrderId":"","ProductId":"","Quantity":0,"DeliverAt":"0001-01-01T00:00:00.0000000","CreatedAt":"0001-01-01T00:00:00.0000000","CustomerAddress":"","$type":"RawOrderLineItem"}
2025-04-30 18:39:58.764 +04:00 [INF] Finished processing file: C:\Pizzreia_Order_Processor\PizzeriaOrderProcessor\bin\Debug\net9.0\order08_empty_item.json. Skipped items in this file: 1. Fatal JSON error: false
2025-04-30 18:39:58.765 +04:00 [INF] Processing file: C:\Pizzreia_Order_Processor\PizzeriaOrderProcessor\bin\Debug\net9.0\order09_min_amount_fail.json
2025-04-30 18:39:58.765 +04:00 [INF] Finished processing file: C:\Pizzreia_Order_Processor\PizzeriaOrderProcessor\bin\Debug\net9.0\order09_min_amount_fail.json. Skipped items in this file: 0. Fatal JSON error: false
2025-04-30 18:39:58.765 +04:00 [INF] Processing file: C:\Pizzreia_Order_Processor\PizzeriaOrderProcessor\bin\Debug\net9.0\order10_valid_complex.json
2025-04-30 18:39:58.766 +04:00 [INF] Finished processing file: C:\Pizzreia_Order_Processor\PizzeriaOrderProcessor\bin\Debug\net9.0\order10_valid_complex.json. Skipped items in this file: 0. Fatal JSON error: false
2025-04-30 18:39:58.766 +04:00 [INF] Processing file: C:\Pizzreia_Order_Processor\PizzeriaOrderProcessor\bin\Debug\net9.0\order11_invalid_too_early.json
2025-04-30 18:39:58.766 +04:00 [INF] Finished processing file: C:\Pizzreia_Order_Processor\PizzeriaOrderProcessor\bin\Debug\net9.0\order11_invalid_too_early.json. Skipped items in this file: 0. Fatal JSON error: false
2025-04-30 18:39:58.766 +04:00 [INF] Processing file: C:\Pizzreia_Order_Processor\PizzeriaOrderProcessor\bin\Debug\net9.0\order12_invalid_too_late.json
2025-04-30 18:39:58.766 +04:00 [INF] Finished processing file: C:\Pizzreia_Order_Processor\PizzeriaOrderProcessor\bin\Debug\net9.0\order12_invalid_too_late.json. Skipped items in this file: 0. Fatal JSON error: false
2025-04-30 18:39:58.766 +04:00 [INF] Processing file: C:\Pizzreia_Order_Processor\PizzeriaOrderProcessor\bin\Debug\net9.0\order13_invalid_prep_time.json
2025-04-30 18:39:58.767 +04:00 [INF] Finished processing file: C:\Pizzreia_Order_Processor\PizzeriaOrderProcessor\bin\Debug\net9.0\order13_invalid_prep_time.json. Skipped items in this file: 0. Fatal JSON error: false
2025-04-30 18:39:58.767 +04:00 [INF] Processing file: C:\Pizzreia_Order_Processor\PizzeriaOrderProcessor\bin\Debug\net9.0\order14_invalid_max_advance.json
2025-04-30 18:39:58.767 +04:00 [INF] Finished processing file: C:\Pizzreia_Order_Processor\PizzeriaOrderProcessor\bin\Debug\net9.0\order14_invalid_max_advance.json. Skipped items in this file: 0. Fatal JSON error: false
2025-04-30 18:39:58.767 +04:00 [INF] Processing file: C:\Pizzreia_Order_Processor\PizzeriaOrderProcessor\bin\Debug\net9.0\order15_invalid_qty_limit.json
2025-04-30 18:39:58.768 +04:00 [INF] Finished processing file: C:\Pizzreia_Order_Processor\PizzeriaOrderProcessor\bin\Debug\net9.0\order15_invalid_qty_limit.json. Skipped items in this file: 0. Fatal JSON error: false
2025-04-30 18:39:58.768 +04:00 [INF] Processing file: C:\Pizzreia_Order_Processor\PizzeriaOrderProcessor\bin\Debug\net9.0\order16_valid_edge_qty.json
2025-04-30 18:39:58.768 +04:00 [INF] Finished processing file: C:\Pizzreia_Order_Processor\PizzeriaOrderProcessor\bin\Debug\net9.0\order16_valid_edge_qty.json. Skipped items in this file: 0. Fatal JSON error: false
2025-04-30 18:39:58.768 +04:00 [INF] Processing file: C:\Pizzreia_Order_Processor\PizzeriaOrderProcessor\bin\Debug\net9.0\order17_missing_req_field.json
2025-04-30 18:39:58.769 +04:00 [INF] Finished processing file: C:\Pizzreia_Order_Processor\PizzeriaOrderProcessor\bin\Debug\net9.0\order17_missing_req_field.json. Skipped items in this file: 0. Fatal JSON error: false
2025-04-30 18:39:58.769 +04:00 [INF] Processing file: C:\Pizzreia_Order_Processor\PizzeriaOrderProcessor\bin\Debug\net9.0\order18_invalid_addr_format2.json
2025-04-30 18:39:58.769 +04:00 [INF] Finished processing file: C:\Pizzreia_Order_Processor\PizzeriaOrderProcessor\bin\Debug\net9.0\order18_invalid_addr_format2.json. Skipped items in this file: 0. Fatal JSON error: false
2025-04-30 18:39:58.769 +04:00 [INF] Processing file: C:\Pizzreia_Order_Processor\PizzeriaOrderProcessor\bin\Debug\net9.0\order19_null_field_value.json
2025-04-30 18:39:58.865 +04:00 [INF] Finished processing file: C:\Pizzreia_Order_Processor\PizzeriaOrderProcessor\bin\Debug\net9.0\order19_null_field_value.json. Skipped items in this file: 0. Fatal JSON error: false
2025-04-30 18:39:58.866 +04:00 [INF] Processing file: C:\Pizzreia_Order_Processor\PizzeriaOrderProcessor\bin\Debug\net9.0\order20_valid_vat_fallback.json
2025-04-30 18:39:58.866 +04:00 [INF] Finished processing file: C:\Pizzreia_Order_Processor\PizzeriaOrderProcessor\bin\Debug\net9.0\order20_valid_vat_fallback.json. Skipped items in this file: 0. Fatal JSON error: false
2025-04-30 18:39:58.866 +04:00 [INF] Processing file: C:\Pizzreia_Order_Processor\PizzeriaOrderProcessor\bin\Debug\net9.0\order21_valid.json
2025-04-30 18:39:58.867 +04:00 [INF] Finished processing file: C:\Pizzreia_Order_Processor\PizzeriaOrderProcessor\bin\Debug\net9.0\order21_valid.json. Skipped items in this file: 0. Fatal JSON error: false
2025-04-30 18:39:58.867 +04:00 [INF] Processing file: C:\Pizzreia_Order_Processor\PizzeriaOrderProcessor\bin\Debug\net9.0\order22_MultipleOrders.json
2025-04-30 18:39:58.869 +04:00 [WRN] Skipping order line item with missing or invalid format ProductId ('null') in file: C:\Pizzreia_Order_Processor\PizzeriaOrderProcessor\bin\Debug\net9.0\order22_MultipleOrders.json. Data: {"OrderId":"ORD-00036","ProductId":null,"Quantity":1,"DeliverAt":"2025-05-01T10:40:00.0000000Z","CreatedAt":"2025-05-01T10:00:00.0000000Z","CustomerAddress":"123 Main Street, Anytown, CA 90210","$type":"RawOrderLineItem"}
2025-04-30 18:39:58.872 +04:00 [WRN] Skipping order line item with missing or invalid format OrderId ('null') in file: C:\Pizzreia_Order_Processor\PizzeriaOrderProcessor\bin\Debug\net9.0\order22_MultipleOrders.json. Data: {"OrderId":null,"ProductId":"PRD-10001","Quantity":1,"DeliverAt":"2025-05-01T10:40:00.0000000Z","CreatedAt":"2025-05-01T10:00:00.0000000Z","CustomerAddress":"123 Main Street, Anytown, CA 90210","$type":"RawOrderLineItem"}
2025-04-30 18:39:58.873 +04:00 [INF] Finished processing file: C:\Pizzreia_Order_Processor\PizzeriaOrderProcessor\bin\Debug\net9.0\order22_MultipleOrders.json. Skipped items in this file: 2. Fatal JSON error: false
2025-04-30 18:39:58.873 +04:00 [INF] Finished buffering all files. Buffered 39 unique OrderIds. Total skipped line items across all files: 4
2025-04-30 18:39:58.874 +04:00 [INF] 1. Buffering order files... 100%
2025-04-30 18:39:58.874 +04:00 [INF] File buffering complete. Buffered 39 unique OrderIds. Skipped 4 items.
2025-04-30 18:39:58.897 +04:00 [INF] Starting processing of 39 buffered orders...
2025-04-30 18:39:58.897 +04:00 [INF] 2. Processing buffered orders... 0.0%
2025-04-30 18:39:59.175 +04:00 [INF] 2. Processing buffered orders... 2.6% complete.
2025-04-30 18:39:59.176 +04:00 [INF] 2. Processing buffered orders... 5.1% complete.
2025-04-30 18:39:59.193 +04:00 [WRN] Order ORD-00003 failed pre-validation in file order03_inconsistent.json: Inconsistent order data: Order ORD-00003: Inconsistent DeliverAt times for product PRD-10001 (10/27/2024 11:00:00 AM) vs product PRD-10003 (10/27/2024 11:30:00 AM).
2025-04-30 18:39:59.194 +04:00 [INF] 2. Processing buffered orders... 7.7% complete.
2025-04-30 18:39:59.194 +04:00 [WRN] Order ORD-00004 failed pre-validation in file order04_invalid_quantity.json: Invalid items: Line item for ProductId 'PRD-10004' has a quantity of (0) for Order ORD-00004.
2025-04-30 18:39:59.194 +04:00 [INF] 2. Processing buffered orders... 10.3% complete.
2025-04-30 18:39:59.197 +04:00 [INF] 2. Processing buffered orders... 12.8% complete.
2025-04-30 18:39:59.197 +04:00 [WRN] Order ORD-00006 failed pre-validation in file order06_product_not_found.json: Invalid items: ProductId 'PRD-99999' not found in Product Catalog for Order ORD-00006.
2025-04-30 18:39:59.197 +04:00 [INF] 2. Processing buffered orders... 15.4% complete.
2025-04-30 18:39:59.197 +04:00 [INF] 2. Processing buffered orders... 17.9% complete.
2025-04-30 18:39:59.216 +04:00 [INF] 2. Processing buffered orders... 20.5% complete.
2025-04-30 18:39:59.216 +04:00 [INF] 2. Processing buffered orders... 23.1% complete.
2025-04-30 18:39:59.219 +04:00 [INF] 2. Processing buffered orders... 25.6% complete.
2025-04-30 18:39:59.219 +04:00 [INF] 2. Processing buffered orders... 28.2% complete.
2025-04-30 18:39:59.220 +04:00 [INF] 2. Processing buffered orders... 30.8% complete.
2025-04-30 18:39:59.220 +04:00 [INF] 2. Processing buffered orders... 33.3% complete.
2025-04-30 18:39:59.222 +04:00 [INF] 2. Processing buffered orders... 35.9% complete.
2025-04-30 18:39:59.223 +04:00 [INF] 2. Processing buffered orders... 38.5% complete.
2025-04-30 18:39:59.223 +04:00 [WRN] Order ORD-00017 failed pre-validation in file order17_missing_req_field.json: Invalid items: Line item for ProductId 'PRD-10002' has a quantity of (0) for Order ORD-00017.
2025-04-30 18:39:59.224 +04:00 [INF] 2. Processing buffered orders... 41.0% complete.
2025-04-30 18:39:59.224 +04:00 [INF] 2. Processing buffered orders... 43.6% complete.
2025-04-30 18:39:59.224 +04:00 [INF] 2. Processing buffered orders... 46.2% complete.
2025-04-30 18:39:59.225 +04:00 [INF] 2. Processing buffered orders... 48.7% complete.
2025-04-30 18:39:59.225 +04:00 [INF] 2. Processing buffered orders... 51.3% complete.
2025-04-30 18:39:59.225 +04:00 [INF] 2. Processing buffered orders... 53.8% complete.
2025-04-30 18:39:59.226 +04:00 [INF] 2. Processing buffered orders... 56.4% complete.
2025-04-30 18:39:59.226 +04:00 [INF] 2. Processing buffered orders... 59.0% complete.
2025-04-30 18:39:59.226 +04:00 [INF] 2. Processing buffered orders... 61.5% complete.
2025-04-30 18:39:59.226 +04:00 [INF] 2. Processing buffered orders... 64.1% complete.
2025-04-30 18:39:59.227 +04:00 [INF] 2. Processing buffered orders... 66.7% complete.
2025-04-30 18:39:59.227 +04:00 [INF] 2. Processing buffered orders... 69.2% complete.
2025-04-30 18:39:59.227 +04:00 [INF] 2. Processing buffered orders... 71.8% complete.
2025-04-30 18:39:59.227 +04:00 [INF] 2. Processing buffered orders... 74.4% complete.
2025-04-30 18:39:59.227 +04:00 [WRN] Order ORD-00026 failed pre-validation in file order22_MultipleOrders.json: Invalid items: Line item for ProductId 'PRD-10002' has a quantity of (0) for Order ORD-00026.
2025-04-30 18:39:59.227 +04:00 [INF] 2. Processing buffered orders... 76.9% complete.
2025-04-30 18:39:59.227 +04:00 [WRN] Order ORD-00027 failed pre-validation in file order22_MultipleOrders.json: Invalid items: ProductId 'PRD-99999' not found in Product Catalog for Order ORD-00027.
2025-04-30 18:39:59.227 +04:00 [INF] 2. Processing buffered orders... 79.5% complete.
2025-04-30 18:39:59.227 +04:00 [INF] 2. Processing buffered orders... 82.1% complete.
2025-04-30 18:39:59.228 +04:00 [INF] 2. Processing buffered orders... 84.6% complete.
2025-04-30 18:39:59.228 +04:00 [INF] 2. Processing buffered orders... 87.2% complete.
2025-04-30 18:39:59.228 +04:00 [INF] 2. Processing buffered orders... 89.7% complete.
2025-04-30 18:39:59.228 +04:00 [INF] 2. Processing buffered orders... 92.3% complete.
2025-04-30 18:39:59.228 +04:00 [INF] 2. Processing buffered orders... 94.9% complete.
2025-04-30 18:39:59.228 +04:00 [INF] 2. Processing buffered orders... 97.4% complete.
2025-04-30 18:39:59.229 +04:00 [INF] 2. Processing buffered orders... 100.0% complete.
2025-04-30 18:39:59.229 +04:00 [INF] Order processing phase complete.
2025-04-30 18:39:59.230 +04:00 [INF] Starting push of 11 valid orders to queue in 1 batches...
2025-04-30 18:39:59.233 +04:00 [INF] Starting to push 11 valid orders to queue in batches of 50.
2025-04-30 18:39:59.234 +04:00 [INF] Attempting to push sub-batch 1/1 (11 orders: ORD-00021 to ORD-00033)...
2025-04-30 18:39:59.314 +04:00 [WRN] Simulating failure for batch of 11 orders (ORD-00021 to ORD-00033).
2025-04-30 18:39:59.315 +04:00 [ERR] [red]Failed to push sub-batch 1 (11 orders: ORD-00021 to ORD-00033) to queue. Error: Simulated MockQueue transient failure.[/]
2025-04-30 18:39:59.316 +04:00 [INF] Finished attempting to push all orders. Total pushed: 0/11. Failed sub-batches: 1.
2025-04-30 18:39:59.316 +04:00 [INF] Queue push attempts complete.
2025-04-30 18:39:59.316 +04:00 [INF] Aggregating ingredients for 11 valid orders...
2025-04-30 18:39:59.317 +04:00 [INF] Starting ingredient aggregation for 11 valid orders.
2025-04-30 18:39:59.324 +04:00 [INF] Finished ingredient aggregation. Found 7 unique ingredients.
2025-04-30 18:39:59.324 +04:00 [INF] Ingredient aggregation complete. Found 7 unique ingredients.
2025-04-30 18:39:59.324 +04:00 [INF] Batch processing finished in 884 ms.
2025-04-30 18:39:59.324 +04:00 [INF] Displaying final summary...
2025-04-30 18:39:59.326 +04:00 [INF] ==============================================================
2025-04-30 18:39:59.326 +04:00 [INF] BATCH PROCESSING SUMMARY
2025-04-30 18:39:59.326 +04:00 [INF] ==============================================================
2025-04-30 18:39:59.326 +04:00 [INF] 
2025-04-30 18:39:59.329 +04:00 [INF] SUMMARY STATISTICS
2025-04-30 18:39:59.329 +04:00 [INF]   Total Orders Processed: 39
2025-04-30 18:39:59.329 +04:00 [INF]   Valid Orders: 11
2025-04-30 18:39:59.329 +04:00 [INF]   Invalid Orders: 28
2025-04-30 18:39:59.330 +04:00 [INF]   Skipped Line Items: 4
2025-04-30 18:39:59.330 +04:00 [INF] 
2025-04-30 18:39:59.331 +04:00 [INF] ==============================================================
2025-04-30 18:39:59.331 +04:00 [INF] VALID ORDERS (11)
2025-04-30 18:39:59.331 +04:00 [INF] ==============================================================
2025-04-30 18:39:59.333 +04:00 [INF]   Order ID: ORD-00021
2025-04-30 18:39:59.333 +04:00 [INF]   Source File: order21_valid.json
2025-04-30 18:39:59.334 +04:00 [INF]   Total Amount: 14.07 AED
2025-04-30 18:39:59.334 +04:00 [INF]   Items: 2
2025-04-30 18:39:59.335 +04:00 [INF]     * 1 × Margherita
2025-04-30 18:39:59.335 +04:00 [INF]     * 2 × Coke
2025-04-30 18:39:59.335 +04:00 [INF]   Delivery Time: 2025-04-30 16:30:00
2025-04-30 18:39:59.335 +04:00 [INF] --------------------------------------------------------------
2025-04-30 18:39:59.335 +04:00 [INF]   Order ID: ORD-00022
2025-04-30 18:39:59.335 +04:00 [INF]   Source File: order22_MultipleOrders.json
2025-04-30 18:39:59.335 +04:00 [INF]   Total Amount: 14.07 AED
2025-04-30 18:39:59.336 +04:00 [INF]   Items: 2
2025-04-30 18:39:59.337 +04:00 [INF]     * 1 × Margherita
2025-04-30 18:39:59.337 +04:00 [INF]     * 2 × Coke
2025-04-30 18:39:59.337 +04:00 [INF]   Delivery Time: 2025-05-01 10:40:00
2025-04-30 18:39:59.337 +04:00 [INF] --------------------------------------------------------------
2025-04-30 18:39:59.337 +04:00 [INF]   Order ID: ORD-00024
2025-04-30 18:39:59.337 +04:00 [INF]   Source File: order22_MultipleOrders.json
2025-04-30 18:39:59.337 +04:00 [INF]   Total Amount: 12.31 AED
2025-04-30 18:39:59.337 +04:00 [INF]   Items: 1
2025-04-30 18:39:59.337 +04:00 [INF]     * 1 × Pepperoni
2025-04-30 18:39:59.337 +04:00 [INF]   Delivery Time: 2025-05-01 10:40:00
2025-04-30 18:39:59.337 +04:00 [INF] --------------------------------------------------------------
2025-04-30 18:39:59.337 +04:00 [INF]   Order ID: ORD-00025
2025-04-30 18:39:59.337 +04:00 [INF]   Source File: order22_MultipleOrders.json
2025-04-30 18:39:59.337 +04:00 [INF]   Total Amount: 15.17 AED
2025-04-30 18:39:59.337 +04:00 [INF]   Items: 2
2025-04-30 18:39:59.337 +04:00 [INF]     * 1 × Veggie
2025-04-30 18:39:59.337 +04:00 [INF]     * 2 × Coke
2025-04-30 18:39:59.338 +04:00 [INF]   Delivery Time: 2025-05-01 10:40:00
2025-04-30 18:39:59.338 +04:00 [INF] --------------------------------------------------------------
2025-04-30 18:39:59.338 +04:00 [INF]   Order ID: ORD-00029
2025-04-30 18:39:59.338 +04:00 [INF]   Source File: order22_MultipleOrders.json
2025-04-30 18:39:59.338 +04:00 [INF]   Total Amount: 22.20 AED
2025-04-30 18:39:59.338 +04:00 [INF]   Items: 2
2025-04-30 18:39:59.338 +04:00 [INF]     * 1 × Margherita
2025-04-30 18:39:59.338 +04:00 [INF]     * 1 × Pepperoni
2025-04-30 18:39:59.338 +04:00 [INF]   Delivery Time: 2025-05-01 10:40:00
2025-04-30 18:39:59.338 +04:00 [INF] --------------------------------------------------------------
2025-04-30 18:39:59.338 +04:00 [INF]   Order ID: ORD-00033
2025-04-30 18:39:59.338 +04:00 [INF]   Source File: order22_MultipleOrders.json
2025-04-30 18:39:59.338 +04:00 [INF]   Total Amount: 22.20 AED
2025-04-30 18:39:59.338 +04:00 [INF]   Items: 2
2025-04-30 18:39:59.338 +04:00 [INF]     * 1 × Margherita
2025-04-30 18:39:59.338 +04:00 [INF]     * 1 × Pepperoni
2025-04-30 18:39:59.338 +04:00 [INF]   Delivery Time: 2025-05-01 10:40:00
2025-04-30 18:39:59.339 +04:00 [INF] --------------------------------------------------------------
2025-04-30 18:39:59.339 +04:00 [INF]   Order ID: ORD-00040
2025-04-30 18:39:59.339 +04:00 [INF]   Source File: order21_valid.json
2025-04-30 18:39:59.339 +04:00 [INF]   Total Amount: 22.20 AED
2025-04-30 18:39:59.339 +04:00 [INF]   Items: 2
2025-04-30 18:39:59.339 +04:00 [INF]     * 1 × Pepperoni
2025-04-30 18:39:59.339 +04:00 [INF]     * 1 × Margherita
2025-04-30 18:39:59.339 +04:00 [INF]   Delivery Time: 2025-04-30 16:30:00
2025-04-30 18:39:59.339 +04:00 [INF] --------------------------------------------------------------
2025-04-30 18:39:59.339 +04:00 [INF]   Order ID: ORD-00041
2025-04-30 18:39:59.339 +04:00 [INF]   Source File: order21_valid.json
2025-04-30 18:39:59.340 +04:00 [INF]   Total Amount: 15.17 AED
2025-04-30 18:39:59.340 +04:00 [INF]   Items: 2
2025-04-30 18:39:59.340 +04:00 [INF]     * 1 × Veggie
2025-04-30 18:39:59.340 +04:00 [INF]     * 2 × Coke
2025-04-30 18:39:59.340 +04:00 [INF]   Delivery Time: 2025-04-30 16:45:00
2025-04-30 18:39:59.340 +04:00 [INF] --------------------------------------------------------------
2025-04-30 18:39:59.340 +04:00 [INF]   Order ID: ORD-00042
2025-04-30 18:39:59.340 +04:00 [INF]   Source File: order21_valid.json
2025-04-30 18:39:59.340 +04:00 [INF]   Total Amount: 23.30 AED
2025-04-30 18:39:59.340 +04:00 [INF]   Items: 2
2025-04-30 18:39:59.341 +04:00 [INF]     * 1 × Pepperoni
2025-04-30 18:39:59.341 +04:00 [INF]     * 1 × Veggie
2025-04-30 18:39:59.341 +04:00 [INF]   Delivery Time: 2025-04-30 16:45:00
2025-04-30 18:39:59.341 +04:00 [INF] --------------------------------------------------------------
2025-04-30 18:39:59.341 +04:00 [INF]   Order ID: ORD-00043
2025-04-30 18:39:59.341 +04:00 [INF]   Source File: order21_valid.json
2025-04-30 18:39:59.341 +04:00 [INF]   Total Amount: 21.87 AED
2025-04-30 18:39:59.341 +04:00 [INF]   Items: 2
2025-04-30 18:39:59.341 +04:00 [INF]     * 2 × Margherita
2025-04-30 18:39:59.341 +04:00 [INF]     * 1 × Coke
2025-04-30 18:39:59.341 +04:00 [INF]   Delivery Time: 2025-04-30 17:00:00
2025-04-30 18:39:59.341 +04:00 [INF] --------------------------------------------------------------
2025-04-30 18:39:59.341 +04:00 [INF]   Order ID: ORD-00044
2025-04-30 18:39:59.341 +04:00 [INF]   Source File: order21_valid.json
2025-04-30 18:39:59.341 +04:00 [INF]   Total Amount: 22.21 AED
2025-04-30 18:39:59.341 +04:00 [INF]   Items: 2
2025-04-30 18:39:59.341 +04:00 [INF]     * 1 × Pepperoni
2025-04-30 18:39:59.341 +04:00 [INF]     * 10 × Water
2025-04-30 18:39:59.341 +04:00 [INF]   Delivery Time: 2025-04-30 17:00:00
2025-04-30 18:39:59.341 +04:00 [INF] --------------------------------------------------------------
2025-04-30 18:39:59.342 +04:00 [INF] 
2025-04-30 18:39:59.343 +04:00 [INF] ==============================================================
2025-04-30 18:39:59.343 +04:00 [INF] INVALID ORDERS (28)
2025-04-30 18:39:59.343 +04:00 [INF] ==============================================================
2025-04-30 18:39:59.347 +04:00 [INF]   Order ID: ORD-00001 (Source: order01_oldOrder.json)
2025-04-30 18:39:59.349 +04:00 [INF]   Validation Errors:
2025-04-30 18:39:59.352 +04:00 [INF]     * DeliverAt: Delivery time (2024-10-27T11:30:00.0000000Z) must be at least 40 minutes from current time (2025-04-30T14:39:59.1125381+00:00). Earliest allowed: 2025-04-30T15:19:59.1125381+00:00.
2025-04-30 18:39:59.352 +04:00 [INF] --------------------------------------------------------------
2025-04-30 18:39:59.353 +04:00 [INF]   Order ID: ORD-00002 (Source: order02_invalid_address.json)
2025-04-30 18:39:59.353 +04:00 [INF]   Validation Errors:
2025-04-30 18:39:59.353 +04:00 [INF]     * DeliverAt: Delivery time (2024-10-27T11:15:00.0000000Z) must be at least 35 minutes from current time (2025-04-30T14:39:59.1759228+00:00). Earliest allowed: 2025-04-30T15:14:59.1759228+00:00.
2025-04-30 18:39:59.353 +04:00 [INF] --------------------------------------------------------------
2025-04-30 18:39:59.353 +04:00 [INF]   Order ID: ORD-00003 (Source: order03_inconsistent.json)
2025-04-30 18:39:59.353 +04:00 [INF]   Validation Errors:
2025-04-30 18:39:59.353 +04:00 [INF]     * Inconsistent order data: Order ORD-00003: Inconsistent DeliverAt times for product PRD-10001 (10/27/2024 11:00:00 AM) vs product PRD-10003 (10/27/2024 11:30:00 AM).
2025-04-30 18:39:59.354 +04:00 [INF] --------------------------------------------------------------
2025-04-30 18:39:59.354 +04:00 [INF]   Order ID: ORD-00004 (Source: order04_invalid_quantity.json)
2025-04-30 18:39:59.354 +04:00 [INF]   Validation Errors:
2025-04-30 18:39:59.354 +04:00 [INF]     * Invalid items: Line item for ProductId 'PRD-10004' has a quantity of (0) for Order ORD-00004.
2025-04-30 18:39:59.354 +04:00 [INF] --------------------------------------------------------------
2025-04-30 18:39:59.354 +04:00 [INF]   Order ID: ORD-00005 (Source: order05_invalid_date.json)
2025-04-30 18:39:59.354 +04:00 [INF]   Validation Errors:
2025-04-30 18:39:59.354 +04:00 [INF]     * CustomerAddress: Customer address format is invalid.
2025-04-30 18:39:59.354 +04:00 [INF]     * DeliverAt: Delivery time (2024-10-27T09:30:00.0000000Z) must be after or the same as creation time (2024-10-27T10:20:00.0000000Z).
2025-04-30 18:39:59.354 +04:00 [INF]     * DeliverAt: Delivery time (2024-10-27T09:30:00.0000000Z) must be at least 35 minutes from current time (2025-04-30T14:39:59.1970285+00:00). Earliest allowed: 2025-04-30T15:14:59.1970285+00:00.
2025-04-30 18:39:59.354 +04:00 [INF] --------------------------------------------------------------
2025-04-30 18:39:59.354 +04:00 [INF]   Order ID: ORD-00006 (Source: order06_product_not_found.json)
2025-04-30 18:39:59.354 +04:00 [INF]   Validation Errors:
2025-04-30 18:39:59.354 +04:00 [INF]     * Invalid items: ProductId 'PRD-99999' not found in Product Catalog for Order ORD-00006.
2025-04-30 18:39:59.354 +04:00 [INF] --------------------------------------------------------------
2025-04-30 18:39:59.354 +04:00 [INF]   Order ID: ORD-00008 (Source: order08_empty_item.json)
2025-04-30 18:39:59.354 +04:00 [INF]   Validation Errors:
2025-04-30 18:39:59.355 +04:00 [INF]     * DeliverAt: Delivery time (2024-10-27T11:40:00.0000000Z) must be at least 35 minutes from current time (2025-04-30T14:39:59.1975083+00:00). Earliest allowed: 2025-04-30T15:14:59.1975083+00:00.
2025-04-30 18:39:59.355 +04:00 [INF] --------------------------------------------------------------
2025-04-30 18:39:59.355 +04:00 [INF]   Order ID: ORD-00009 (Source: order09_min_amount_fail.json)
2025-04-30 18:39:59.355 +04:00 [INF]   Validation Errors:
2025-04-30 18:39:59.355 +04:00 [INF]     * DeliverAt: Delivery time (2024-10-27T11:45:00.0000000Z) must be at least 35 minutes from current time (2025-04-30T14:39:59.2113070+00:00). Earliest allowed: 2025-04-30T15:14:59.2113070+00:00.
2025-04-30 18:39:59.355 +04:00 [INF]     * TotalAmountIncludingVat: Order total (2.97 AED) is below the minimum required amount (10.00 AED).
2025-04-30 18:39:59.355 +04:00 [INF] --------------------------------------------------------------
2025-04-30 18:39:59.355 +04:00 [INF]   Order ID: ORD-00010 (Source: order10_valid_complex.json)
2025-04-30 18:39:59.355 +04:00 [INF]   Validation Errors:
2025-04-30 18:39:59.355 +04:00 [INF]     * DeliverAt: Delivery time (2024-11-01T19:30:00.0000000Z) must be at least 50 minutes from current time (2025-04-30T14:39:59.2167432+00:00). Earliest allowed: 2025-04-30T15:29:59.2167432+00:00.
2025-04-30 18:39:59.355 +04:00 [INF] --------------------------------------------------------------
2025-04-30 18:39:59.355 +04:00 [INF]   Order ID: ORD-00011 (Source: order11_invalid_too_early.json)
2025-04-30 18:39:59.355 +04:00 [INF]   Validation Errors:
2025-04-30 18:39:59.355 +04:00 [INF]     * DeliverAt: Delivery time (07:00:00) is outside operating hours (08:00:00 - 22:00:00).
2025-04-30 18:39:59.355 +04:00 [INF]     * DeliverAt: Delivery time (2024-11-02T07:00:00.0000000Z) must be at least 35 minutes from current time (2025-04-30T14:39:59.2193831+00:00). Earliest allowed: 2025-04-30T15:14:59.2193831+00:00.
2025-04-30 18:39:59.355 +04:00 [INF]     * TotalAmountIncludingVat: Order total (9.89 AED) is below the minimum required amount (10.00 AED).
2025-04-30 18:39:59.355 +04:00 [INF] --------------------------------------------------------------
2025-04-30 18:39:59.356 +04:00 [INF]   Order ID: ORD-00012 (Source: order12_invalid_too_late.json)
2025-04-30 18:39:59.356 +04:00 [INF]   Validation Errors:
2025-04-30 18:39:59.356 +04:00 [INF]     * CustomerAddress: Customer address format is invalid.
2025-04-30 18:39:59.356 +04:00 [INF]     * DeliverAt: Delivery time (2024-11-02T23:00:00.0000000Z) must be at least 35 minutes from current time (2025-04-30T14:39:59.2198957+00:00). Earliest allowed: 2025-04-30T15:14:59.2198957+00:00.
2025-04-30 18:39:59.356 +04:00 [INF]     * DeliverAt: Delivery time (23:00:00) is outside operating hours (08:00:00 - 22:00:00).
2025-04-30 18:39:59.356 +04:00 [INF]     * TotalAmountIncludingVat: Order total (2.09 AED) is below the minimum required amount (10.00 AED).
2025-04-30 18:39:59.356 +04:00 [INF] --------------------------------------------------------------
2025-04-30 18:39:59.356 +04:00 [INF]   Order ID: ORD-00013 (Source: order13_invalid_prep_time.json)
2025-04-30 18:39:59.356 +04:00 [INF]   Validation Errors:
2025-04-30 18:39:59.356 +04:00 [INF]     * CustomerAddress: Customer address format is invalid.
2025-04-30 18:39:59.356 +04:00 [INF]     * DeliverAt: Delivery time (2024-11-03T14:30:00.0000000Z) must be at least 40 minutes from current time (2025-04-30T14:39:59.2202221+00:00). Earliest allowed: 2025-04-30T15:19:59.2202221+00:00.
2025-04-30 18:39:59.356 +04:00 [INF] --------------------------------------------------------------
2025-04-30 18:39:59.356 +04:00 [INF]   Order ID: ORD-00014 (Source: order14_invalid_max_advance.json)
2025-04-30 18:39:59.356 +04:00 [INF]   Validation Errors:
2025-04-30 18:39:59.356 +04:00 [INF]     * CustomerAddress: Customer address format is invalid.
2025-04-30 18:39:59.356 +04:00 [INF]     * DeliverAt: Delivery time (2024-11-14T12:00:00.0000000Z) must be at least 35 minutes from current time (2025-04-30T14:39:59.2204774+00:00). Earliest allowed: 2025-04-30T15:14:59.2204774+00:00.
2025-04-30 18:39:59.357 +04:00 [INF] --------------------------------------------------------------
2025-04-30 18:39:59.357 +04:00 [INF]   Order ID: ORD-00015 (Source: order15_invalid_qty_limit.json)
2025-04-30 18:39:59.357 +04:00 [INF]   Validation Errors:
2025-04-30 18:39:59.357 +04:00 [INF]     * CustomerAddress: Customer address format is invalid.
2025-04-30 18:39:59.357 +04:00 [INF]     * DeliverAt: Delivery time (2024-11-05T12:00:00.0000000Z) must be at least 35 minutes from current time (2025-04-30T14:39:59.2226770+00:00). Earliest allowed: 2025-04-30T15:14:59.2226770+00:00.
2025-04-30 18:39:59.365 +04:00 [INF]     * Items[0].Quantity: Quantity cannot exceed 100.
2025-04-30 18:39:59.365 +04:00 [INF] --------------------------------------------------------------
2025-04-30 18:39:59.365 +04:00 [INF]   Order ID: ORD-00016 (Source: order16_valid_edge_qty.json)
2025-04-30 18:39:59.365 +04:00 [INF]   Validation Errors:
2025-04-30 18:39:59.365 +04:00 [INF]     * CustomerAddress: Customer address format is invalid.
2025-04-30 18:39:59.365 +04:00 [INF]     * DeliverAt: Delivery time (2024-11-06T14:00:00.0000000Z) must be at least 35 minutes from current time (2025-04-30T14:39:59.2236741+00:00). Earliest allowed: 2025-04-30T15:14:59.2236741+00:00.
2025-04-30 18:39:59.365 +04:00 [INF] --------------------------------------------------------------
2025-04-30 18:39:59.365 +04:00 [INF]   Order ID: ORD-00017 (Source: order17_missing_req_field.json)
2025-04-30 18:39:59.366 +04:00 [INF]   Validation Errors:
2025-04-30 18:39:59.366 +04:00 [INF]     * Invalid items: Line item for ProductId 'PRD-10002' has a quantity of (0) for Order ORD-00017.
2025-04-30 18:39:59.366 +04:00 [INF] --------------------------------------------------------------
2025-04-30 18:39:59.366 +04:00 [INF]   Order ID: ORD-00018 (Source: order18_invalid_addr_format2.json)
2025-04-30 18:39:59.366 +04:00 [INF]   Validation Errors:
2025-04-30 18:39:59.366 +04:00 [INF]     * CustomerAddress: Customer address format is invalid.
2025-04-30 18:39:59.366 +04:00 [INF]     * DeliverAt: Delivery time (2024-11-08T10:30:00.0000000Z) must be at least 35 minutes from current time (2025-04-30T14:39:59.2242309+00:00). Earliest allowed: 2025-04-30T15:14:59.2242309+00:00.
2025-04-30 18:39:59.366 +04:00 [INF]     * TotalAmountIncludingVat: Order total (2.09 AED) is below the minimum required amount (10.00 AED).
2025-04-30 18:39:59.366 +04:00 [INF] --------------------------------------------------------------
2025-04-30 18:39:59.366 +04:00 [INF]   Order ID: ORD-00019 (Source: order19_null_field_value.json)
2025-04-30 18:39:59.366 +04:00 [INF]   Validation Errors:
2025-04-30 18:39:59.366 +04:00 [INF]     * CustomerAddress: Customer address format is invalid.
2025-04-30 18:39:59.366 +04:00 [INF]     * CustomerAddress: Customer address is required.
2025-04-30 18:39:59.366 +04:00 [INF]     * DeliverAt: Delivery time (2024-11-09T13:00:00.0000000Z) must be at least 35 minutes from current time (2025-04-30T14:39:59.2248076+00:00). Earliest allowed: 2025-04-30T15:14:59.2248076+00:00.
2025-04-30 18:39:59.366 +04:00 [INF]     * TotalAmountIncludingVat: Order total (9.89 AED) is below the minimum required amount (10.00 AED).
2025-04-30 18:39:59.366 +04:00 [INF] --------------------------------------------------------------
2025-04-30 18:39:59.366 +04:00 [INF]   Order ID: ORD-00020 (Source: order20_valid_vat_fallback.json)
2025-04-30 18:39:59.366 +04:00 [INF]   Validation Errors:
2025-04-30 18:39:59.366 +04:00 [INF]     * DeliverAt: Delivery time (2024-11-10T17:00:00.0000000Z) must be at least 40 minutes from current time (2025-04-30T14:39:59.2251536+00:00). Earliest allowed: 2025-04-30T15:19:59.2251536+00:00.
2025-04-30 18:39:59.367 +04:00 [INF]     * TotalAmountIncludingVat: Order total (3.08 AED) is below the minimum required amount (10.00 AED).
2025-04-30 18:39:59.367 +04:00 [INF] --------------------------------------------------------------
2025-04-30 18:39:59.367 +04:00 [INF]   Order ID: ORD-00023 (Source: order22_MultipleOrders.json)
2025-04-30 18:39:59.367 +04:00 [INF]   Validation Errors:
2025-04-30 18:39:59.367 +04:00 [INF]     * TotalAmountIncludingVat: Order total (9.89 AED) is below the minimum required amount (10.00 AED).
2025-04-30 18:39:59.367 +04:00 [INF] --------------------------------------------------------------
2025-04-30 18:39:59.367 +04:00 [INF]   Order ID: ORD-00026 (Source: order22_MultipleOrders.json)
2025-04-30 18:39:59.367 +04:00 [INF]   Validation Errors:
2025-04-30 18:39:59.367 +04:00 [INF]     * Invalid items: Line item for ProductId 'PRD-10002' has a quantity of (0) for Order ORD-00026.
2025-04-30 18:39:59.367 +04:00 [INF] --------------------------------------------------------------
2025-04-30 18:39:59.367 +04:00 [INF]   Order ID: ORD-00027 (Source: order22_MultipleOrders.json)
2025-04-30 18:39:59.367 +04:00 [INF]   Validation Errors:
2025-04-30 18:39:59.367 +04:00 [INF]     * Invalid items: ProductId 'PRD-99999' not found in Product Catalog for Order ORD-00027.
2025-04-30 18:39:59.367 +04:00 [INF] --------------------------------------------------------------
2025-04-30 18:39:59.367 +04:00 [INF]   Order ID: ORD-00028 (Source: order22_MultipleOrders.json)
2025-04-30 18:39:59.367 +04:00 [INF]   Validation Errors:
2025-04-30 18:39:59.368 +04:00 [INF]     * Items[0].Quantity: Quantity cannot exceed 100.
2025-04-30 18:39:59.368 +04:00 [INF] --------------------------------------------------------------
2025-04-30 18:39:59.368 +04:00 [INF]   Order ID: ORD-00030 (Source: order22_MultipleOrders.json)
2025-04-30 18:39:59.368 +04:00 [INF]   Validation Errors:
2025-04-30 18:39:59.368 +04:00 [INF]     * TotalAmountIncludingVat: Order total (2.09 AED) is below the minimum required amount (10.00 AED).
2025-04-30 18:39:59.368 +04:00 [INF] --------------------------------------------------------------
2025-04-30 18:39:59.368 +04:00 [INF]   Order ID: ORD-00031 (Source: order22_MultipleOrders.json)
2025-04-30 18:39:59.369 +04:00 [INF]   Validation Errors:
2025-04-30 18:39:59.369 +04:00 [INF]     * TotalAmountIncludingVat: Order total (9.89 AED) is below the minimum required amount (10.00 AED).
2025-04-30 18:39:59.369 +04:00 [INF] --------------------------------------------------------------
2025-04-30 18:39:59.369 +04:00 [INF]   Order ID: ORD-00032 (Source: order22_MultipleOrders.json)
2025-04-30 18:39:59.369 +04:00 [INF]   Validation Errors:
2025-04-30 18:39:59.369 +04:00 [INF]     * TotalAmountIncludingVat: Order total (9.89 AED) is below the minimum required amount (10.00 AED).
2025-04-30 18:39:59.369 +04:00 [INF] --------------------------------------------------------------
2025-04-30 18:39:59.369 +04:00 [INF]   Order ID: ORD-00034 (Source: order22_MultipleOrders.json)
2025-04-30 18:39:59.369 +04:00 [INF]   Validation Errors:
2025-04-30 18:39:59.369 +04:00 [INF]     * TotalAmountIncludingVat: Order total (9.89 AED) is below the minimum required amount (10.00 AED).
2025-04-30 18:39:59.369 +04:00 [INF] --------------------------------------------------------------
2025-04-30 18:39:59.369 +04:00 [INF]   Order ID: ORD-00035 (Source: order22_MultipleOrders.json)
2025-04-30 18:39:59.369 +04:00 [INF]   Validation Errors:
2025-04-30 18:39:59.369 +04:00 [INF]     * CustomerAddress: Customer address format is invalid.
2025-04-30 18:39:59.370 +04:00 [INF]     * CustomerAddress: Customer address is required.
2025-04-30 18:39:59.370 +04:00 [INF]     * TotalAmountIncludingVat: Order total (9.89 AED) is below the minimum required amount (10.00 AED).
2025-04-30 18:39:59.370 +04:00 [INF] --------------------------------------------------------------
2025-04-30 18:39:59.370 +04:00 [INF] 
2025-04-30 18:39:59.371 +04:00 [INF] ==============================================================
2025-04-30 18:39:59.371 +04:00 [INF] REQUIRED INGREDIENTS
2025-04-30 18:39:59.371 +04:00 [INF] ==============================================================
2025-04-30 18:39:59.385 +04:00 [INF]   Dough       :     400.00 grams
2025-04-30 18:39:59.388 +04:00 [INF]   Mozzarella  :     240.00 grams
2025-04-30 18:39:59.388 +04:00 [INF]   Mushrooms   :      55.50 grams
2025-04-30 18:39:59.388 +04:00 [INF]   Pepperoni   :     120.00 grams
2025-04-30 18:39:59.388 +04:00 [INF]   Peppers     :      49.50 grams
2025-04-30 18:39:59.389 +04:00 [INF]   Tomato Sauce:     205.00 grams
2025-04-30 18:39:59.389 +04:00 [INF]   Water       :   2,250.00 grams
2025-04-30 18:39:59.390 +04:00 [INF] --------------------------------------------------------------
2025-04-30 18:39:59.390 +04:00 [INF] 
2025-04-30 18:39:59.401 +04:00 [INF] NOTE: 4 line item(s) were skipped during file parsing.
2025-04-30 18:39:59.401 +04:00 [INF]       Check logs for details on skipped items.
2025-04-30 18:39:59.401 +04:00 [INF] 
2025-04-30 18:39:59.401 +04:00 [INF] ==============================================================
2025-04-30 18:39:59.401 +04:00 [INF] END OF SUMMARY
2025-04-30 18:39:59.401 +04:00 [INF] ==============================================================
2025-04-30 18:40:04.403 +04:00 [INF] Application run completed.
